
AVRASM ver. 2.1.30  D:\TMP\MagicLed\List\MagicLed.asm Mon Mar 07 12:11:06 2016

D:\TMP\MagicLed\List\MagicLed.asm(981): warning: Register r4 already defined by the .DEF directive
D:\TMP\MagicLed\List\MagicLed.asm(982): warning: Register r5 already defined by the .DEF directive
D:\TMP\MagicLed\List\MagicLed.asm(983): warning: Register r6 already defined by the .DEF directive
D:\TMP\MagicLed\List\MagicLed.asm(984): warning: Register r7 already defined by the .DEF directive
D:\TMP\MagicLed\List\MagicLed.asm(985): warning: Register r8 already defined by the .DEF directive
D:\TMP\MagicLed\List\MagicLed.asm(986): warning: Register r10 already defined by the .DEF directive
D:\TMP\MagicLed\List\MagicLed.asm(987): warning: Register r11 already defined by the .DEF directive
                 
                 
                 ;CodeVisionAVR C Compiler V2.05.0 Professional
                 ;(C) Copyright 1998-2010 Pavel Haiduc, HP InfoTech s.r.l.
                 ;http://www.hpinfotech.com
                 
                 ;Chip type                : ATtiny13A
                 ;Program type             : Application
                 ;Clock frequency          : 9,600000 MHz
                 ;Memory model             : Tiny
                 ;Optimize for             : Size
                 ;(s)printf features       : int, width
                 ;(s)scanf features        : int, width
                 ;External RAM size        : 0
                 ;Data Stack size          : 16 byte(s)
                 ;Heap size                : 0 byte(s)
                 ;Promote 'char' to 'int'  : Yes
                 ;'char' is unsigned       : Yes
                 ;8 bit enums              : Yes
                 ;global 'const' stored in FLASH: No
                 ;Smart register allocation     : Off
                 ;Automatic register allocation : On
                 
                 	#pragma AVRPART ADMIN PART_NAME ATtiny13A
                 	#pragma AVRPART MEMORY PROG_FLASH 1024
                 	#pragma AVRPART MEMORY EEPROM 64
                 	#pragma AVRPART MEMORY INT_SRAM SIZE 159
                 	#pragma AVRPART MEMORY INT_SRAM START_ADDR 0x60
                 
                 	.LISTMAC
                 	.EQU EERE=0x0
                 	.EQU EEWE=0x1
                 	.EQU EEMWE=0x2
                 	.EQU EECR=0x1C
                 	.EQU EEDR=0x1D
                 	.EQU EEARL=0x1E
                 
                 	.EQU WDTCR=0x21
                 	.EQU MCUSR=0x34
                 	.EQU MCUCR=0x35
                 	.EQU SPL=0x3D
                 	.EQU SREG=0x3F
                 
                 	.DEF R0X0=R0
                 	.DEF R0X1=R1
                 	.DEF R0X2=R2
                 	.DEF R0X3=R3
                 	.DEF R0X4=R4
                 	.DEF R0X5=R5
                 	.DEF R0X6=R6
                 	.DEF R0X7=R7
                 	.DEF R0X8=R8
                 	.DEF R0X9=R9
                 	.DEF R0XA=R10
                 	.DEF R0XB=R11
                 	.DEF R0XC=R12
                 	.DEF R0XD=R13
                 	.DEF R0XE=R14
                 	.DEF R0XF=R15
                 	.DEF R0X10=R16
                 	.DEF R0X11=R17
                 	.DEF R0X12=R18
                 	.DEF R0X13=R19
                 	.DEF R0X14=R20
                 	.DEF R0X15=R21
                 	.DEF R0X16=R22
                 	.DEF R0X17=R23
                 	.DEF R0X18=R24
                 	.DEF R0X19=R25
                 	.DEF R0X1A=R26
                 	.DEF R0X1B=R27
                 	.DEF R0X1C=R28
                 	.DEF R0X1D=R29
                 	.DEF R0X1E=R30
                 	.DEF R0X1F=R31
                 
                 	.EQU __SRAM_START=0x0060
                 	.EQU __SRAM_END=0x009F
                 	.EQU __DSTACK_SIZE=0x0010
                 	.EQU __HEAP_SIZE=0x0000
                 	.EQU __CLEAR_SRAM_SIZE=__SRAM_END-__SRAM_START+1
                 
                 	.MACRO __CPD1N
                 	CPI  R30,LOW(@0)
                 	LDI  R26,HIGH(@0)
                 	CPC  R31,R26
                 	LDI  R26,BYTE3(@0)
                 	CPC  R22,R26
                 	LDI  R26,BYTE4(@0)
                 	CPC  R23,R26
                 	.ENDM
                 
                 	.MACRO __CPD2N
                 	CPI  R26,LOW(@0)
                 	LDI  R30,HIGH(@0)
                 	CPC  R27,R30
                 	LDI  R30,BYTE3(@0)
                 	CPC  R24,R30
                 	LDI  R30,BYTE4(@0)
                 	CPC  R25,R30
                 	.ENDM
                 
                 	.MACRO __CPWRR
                 	CP   R@0,R@2
                 	CPC  R@1,R@3
                 	.ENDM
                 
                 	.MACRO __CPWRN
                 	CPI  R@0,LOW(@2)
                 	LDI  R30,HIGH(@2)
                 	CPC  R@1,R30
                 	.ENDM
                 
                 	.MACRO __ADDB1MN
                 	SUBI R30,LOW(-@0-(@1))
                 	.ENDM
                 
                 	.MACRO __ADDB2MN
                 	SUBI R26,LOW(-@0-(@1))
                 	.ENDM
                 
                 	.MACRO __ADDW1MN
                 	SUBI R30,LOW(-@0-(@1))
                 	SBCI R31,HIGH(-@0-(@1))
                 	.ENDM
                 
                 	.MACRO __ADDW2MN
                 	SUBI R26,LOW(-@0-(@1))
                 	SBCI R27,HIGH(-@0-(@1))
                 	.ENDM
                 
                 	.MACRO __ADDW1FN
                 	SUBI R30,LOW(-2*@0-(@1))
                 	SBCI R31,HIGH(-2*@0-(@1))
                 	.ENDM
                 
                 	.MACRO __ADDD1FN
                 	SUBI R30,LOW(-2*@0-(@1))
                 	SBCI R31,HIGH(-2*@0-(@1))
                 	SBCI R22,BYTE3(-2*@0-(@1))
                 	.ENDM
                 
                 	.MACRO __ADDD1N
                 	SUBI R30,LOW(-@0)
                 	SBCI R31,HIGH(-@0)
                 	SBCI R22,BYTE3(-@0)
                 	SBCI R23,BYTE4(-@0)
                 	.ENDM
                 
                 	.MACRO __ADDD2N
                 	SUBI R26,LOW(-@0)
                 	SBCI R27,HIGH(-@0)
                 	SBCI R24,BYTE3(-@0)
                 	SBCI R25,BYTE4(-@0)
                 	.ENDM
                 
                 	.MACRO __SUBD1N
                 	SUBI R30,LOW(@0)
                 	SBCI R31,HIGH(@0)
                 	SBCI R22,BYTE3(@0)
                 	SBCI R23,BYTE4(@0)
                 	.ENDM
                 
                 	.MACRO __SUBD2N
                 	SUBI R26,LOW(@0)
                 	SBCI R27,HIGH(@0)
                 	SBCI R24,BYTE3(@0)
                 	SBCI R25,BYTE4(@0)
                 	.ENDM
                 
                 	.MACRO __ANDBMNN
                 	LDS  R30,@0+(@1)
                 	ANDI R30,LOW(@2)
                 	STS  @0+(@1),R30
                 	.ENDM
                 
                 	.MACRO __ANDWMNN
                 	LDS  R30,@0+(@1)
                 	ANDI R30,LOW(@2)
                 	STS  @0+(@1),R30
                 	LDS  R30,@0+(@1)+1
                 	ANDI R30,HIGH(@2)
                 	STS  @0+(@1)+1,R30
                 	.ENDM
                 
                 	.MACRO __ANDD1N
                 	ANDI R30,LOW(@0)
                 	ANDI R31,HIGH(@0)
                 	ANDI R22,BYTE3(@0)
                 	ANDI R23,BYTE4(@0)
                 	.ENDM
                 
                 	.MACRO __ANDD2N
                 	ANDI R26,LOW(@0)
                 	ANDI R27,HIGH(@0)
                 	ANDI R24,BYTE3(@0)
                 	ANDI R25,BYTE4(@0)
                 	.ENDM
                 
                 	.MACRO __ORBMNN
                 	LDS  R30,@0+(@1)
                 	ORI  R30,LOW(@2)
                 	STS  @0+(@1),R30
                 	.ENDM
                 
                 	.MACRO __ORWMNN
                 	LDS  R30,@0+(@1)
                 	ORI  R30,LOW(@2)
                 	STS  @0+(@1),R30
                 	LDS  R30,@0+(@1)+1
                 	ORI  R30,HIGH(@2)
                 	STS  @0+(@1)+1,R30
                 	.ENDM
                 
                 	.MACRO __ORD1N
                 	ORI  R30,LOW(@0)
                 	ORI  R31,HIGH(@0)
                 	ORI  R22,BYTE3(@0)
                 	ORI  R23,BYTE4(@0)
                 	.ENDM
                 
                 	.MACRO __ORD2N
                 	ORI  R26,LOW(@0)
                 	ORI  R27,HIGH(@0)
                 	ORI  R24,BYTE3(@0)
                 	ORI  R25,BYTE4(@0)
                 	.ENDM
                 
                 	.MACRO __DELAY_USB
                 	LDI  R24,LOW(@0)
                 __DELAY_USB_LOOP:
                 	DEC  R24
                 	BRNE __DELAY_USB_LOOP
                 	.ENDM
                 
                 	.MACRO __DELAY_USW
                 	LDI  R24,LOW(@0)
                 	LDI  R25,HIGH(@0)
                 __DELAY_USW_LOOP:
                 	SBIW R24,1
                 	BRNE __DELAY_USW_LOOP
                 	.ENDM
                 
                 	.MACRO __GETD1S
                 	LDD  R30,Y+@0
                 	LDD  R31,Y+@0+1
                 	LDD  R22,Y+@0+2
                 	LDD  R23,Y+@0+3
                 	.ENDM
                 
                 	.MACRO __GETD2S
                 	LDD  R26,Y+@0
                 	LDD  R27,Y+@0+1
                 	LDD  R24,Y+@0+2
                 	LDD  R25,Y+@0+3
                 	.ENDM
                 
                 	.MACRO __PUTD1S
                 	STD  Y+@0,R30
                 	STD  Y+@0+1,R31
                 	STD  Y+@0+2,R22
                 	STD  Y+@0+3,R23
                 	.ENDM
                 
                 	.MACRO __PUTD2S
                 	STD  Y+@0,R26
                 	STD  Y+@0+1,R27
                 	STD  Y+@0+2,R24
                 	STD  Y+@0+3,R25
                 	.ENDM
                 
                 	.MACRO __PUTDZ2
                 	STD  Z+@0,R26
                 	STD  Z+@0+1,R27
                 	STD  Z+@0+2,R24
                 	STD  Z+@0+3,R25
                 	.ENDM
                 
                 	.MACRO __CLRD1S
                 	STD  Y+@0,R30
                 	STD  Y+@0+1,R30
                 	STD  Y+@0+2,R30
                 	STD  Y+@0+3,R30
                 	.ENDM
                 
                 	.MACRO __POINTB1MN
                 	LDI  R30,LOW(@0+(@1))
                 	.ENDM
                 
                 	.MACRO __POINTW1MN
                 	LDI  R30,LOW(@0+(@1))
                 	LDI  R31,HIGH(@0+(@1))
                 	.ENDM
                 
                 	.MACRO __POINTD1M
                 	LDI  R30,LOW(@0)
                 	LDI  R31,HIGH(@0)
                 	LDI  R22,BYTE3(@0)
                 	LDI  R23,BYTE4(@0)
                 	.ENDM
                 
                 	.MACRO __POINTW1FN
                 	LDI  R30,LOW(2*@0+(@1))
                 	LDI  R31,HIGH(2*@0+(@1))
                 	.ENDM
                 
                 	.MACRO __POINTD1FN
                 	LDI  R30,LOW(2*@0+(@1))
                 	LDI  R31,HIGH(2*@0+(@1))
                 	LDI  R22,BYTE3(2*@0+(@1))
                 	LDI  R23,BYTE4(2*@0+(@1))
                 	.ENDM
                 
                 	.MACRO __POINTB2MN
                 	LDI  R26,LOW(@0+(@1))
                 	.ENDM
                 
                 	.MACRO __POINTW2MN
                 	LDI  R26,LOW(@0+(@1))
                 	LDI  R27,HIGH(@0+(@1))
                 	.ENDM
                 
                 	.MACRO __POINTBRM
                 	LDI  R@0,LOW(@1)
                 	.ENDM
                 
                 	.MACRO __POINTWRM
                 	LDI  R@0,LOW(@2)
                 	LDI  R@1,HIGH(@2)
                 	.ENDM
                 
                 	.MACRO __POINTBRMN
                 	LDI  R@0,LOW(@1+(@2))
                 	.ENDM
                 
                 	.MACRO __POINTWRMN
                 	LDI  R@0,LOW(@2+(@3))
                 	LDI  R@1,HIGH(@2+(@3))
                 	.ENDM
                 
                 	.MACRO __POINTWRFN
                 	LDI  R@0,LOW(@2*2+(@3))
                 	LDI  R@1,HIGH(@2*2+(@3))
                 	.ENDM
                 
                 	.MACRO __GETD1N
                 	LDI  R30,LOW(@0)
                 	LDI  R31,HIGH(@0)
                 	LDI  R22,BYTE3(@0)
                 	LDI  R23,BYTE4(@0)
                 	.ENDM
                 
                 	.MACRO __GETD2N
                 	LDI  R26,LOW(@0)
                 	LDI  R27,HIGH(@0)
                 	LDI  R24,BYTE3(@0)
                 	LDI  R25,BYTE4(@0)
                 	.ENDM
                 
                 	.MACRO __GETB1MN
                 	LDS  R30,@0+(@1)
                 	.ENDM
                 
                 	.MACRO __GETB1HMN
                 	LDS  R31,@0+(@1)
                 	.ENDM
                 
                 	.MACRO __GETW1MN
                 	LDS  R30,@0+(@1)
                 	LDS  R31,@0+(@1)+1
                 	.ENDM
                 
                 	.MACRO __GETD1MN
                 	LDS  R30,@0+(@1)
                 	LDS  R31,@0+(@1)+1
                 	LDS  R22,@0+(@1)+2
                 	LDS  R23,@0+(@1)+3
                 	.ENDM
                 
                 	.MACRO __GETBRMN
                 	LDS  R@0,@1+(@2)
                 	.ENDM
                 
                 	.MACRO __GETWRMN
                 	LDS  R@0,@2+(@3)
                 	LDS  R@1,@2+(@3)+1
                 	.ENDM
                 
                 	.MACRO __GETWRZ
                 	LDD  R@0,Z+@2
                 	LDD  R@1,Z+@2+1
                 	.ENDM
                 
                 	.MACRO __GETD2Z
                 	LDD  R26,Z+@0
                 	LDD  R27,Z+@0+1
                 	LDD  R24,Z+@0+2
                 	LDD  R25,Z+@0+3
                 	.ENDM
                 
                 	.MACRO __GETB2MN
                 	LDS  R26,@0+(@1)
                 	.ENDM
                 
                 	.MACRO __GETW2MN
                 	LDS  R26,@0+(@1)
                 	LDS  R27,@0+(@1)+1
                 	.ENDM
                 
                 	.MACRO __GETD2MN
                 	LDS  R26,@0+(@1)
                 	LDS  R27,@0+(@1)+1
                 	LDS  R24,@0+(@1)+2
                 	LDS  R25,@0+(@1)+3
                 	.ENDM
                 
                 	.MACRO __PUTB1MN
                 	STS  @0+(@1),R30
                 	.ENDM
                 
                 	.MACRO __PUTW1MN
                 	STS  @0+(@1),R30
                 	STS  @0+(@1)+1,R31
                 	.ENDM
                 
                 	.MACRO __PUTD1MN
                 	STS  @0+(@1),R30
                 	STS  @0+(@1)+1,R31
                 	STS  @0+(@1)+2,R22
                 	STS  @0+(@1)+3,R23
                 	.ENDM
                 
                 	.MACRO __PUTB1EN
                 	LDI  R26,LOW(@0+(@1))
                 	LDI  R27,HIGH(@0+(@1))
                 	RCALL __EEPROMWRB
                 	.ENDM
                 
                 	.MACRO __PUTW1EN
                 	LDI  R26,LOW(@0+(@1))
                 	LDI  R27,HIGH(@0+(@1))
                 	RCALL __EEPROMWRW
                 	.ENDM
                 
                 	.MACRO __PUTD1EN
                 	LDI  R26,LOW(@0+(@1))
                 	LDI  R27,HIGH(@0+(@1))
                 	RCALL __EEPROMWRD
                 	.ENDM
                 
                 	.MACRO __PUTBR0MN
                 	STS  @0+(@1),R0
                 	.ENDM
                 
                 	.MACRO __PUTBMRN
                 	STS  @0+(@1),R@2
                 	.ENDM
                 
                 	.MACRO __PUTWMRN
                 	STS  @0+(@1),R@2
                 	STS  @0+(@1)+1,R@3
                 	.ENDM
                 
                 	.MACRO __PUTBZR
                 	STD  Z+@1,R@0
                 	.ENDM
                 
                 	.MACRO __PUTWZR
                 	STD  Z+@2,R@0
                 	STD  Z+@2+1,R@1
                 	.ENDM
                 
                 	.MACRO __GETW1R
                 	MOV  R30,R@0
                 	MOV  R31,R@1
                 	.ENDM
                 
                 	.MACRO __GETW2R
                 	MOV  R26,R@0
                 	MOV  R27,R@1
                 	.ENDM
                 
                 	.MACRO __GETWRN
                 	LDI  R@0,LOW(@2)
                 	LDI  R@1,HIGH(@2)
                 	.ENDM
                 
                 	.MACRO __PUTW1R
                 	MOV  R@0,R30
                 	MOV  R@1,R31
                 	.ENDM
                 
                 	.MACRO __PUTW2R
                 	MOV  R@0,R26
                 	MOV  R@1,R27
                 	.ENDM
                 
                 	.MACRO __ADDWRN
                 	SUBI R@0,LOW(-@2)
                 	SBCI R@1,HIGH(-@2)
                 	.ENDM
                 
                 	.MACRO __ADDWRR
                 	ADD  R@0,R@2
                 	ADC  R@1,R@3
                 	.ENDM
                 
                 	.MACRO __SUBWRN
                 	SUBI R@0,LOW(@2)
                 	SBCI R@1,HIGH(@2)
                 	.ENDM
                 
                 	.MACRO __SUBWRR
                 	SUB  R@0,R@2
                 	SBC  R@1,R@3
                 	.ENDM
                 
                 	.MACRO __ANDWRN
                 	ANDI R@0,LOW(@2)
                 	ANDI R@1,HIGH(@2)
                 	.ENDM
                 
                 	.MACRO __ANDWRR
                 	AND  R@0,R@2
                 	AND  R@1,R@3
                 	.ENDM
                 
                 	.MACRO __ORWRN
                 	ORI  R@0,LOW(@2)
                 	ORI  R@1,HIGH(@2)
                 	.ENDM
                 
                 	.MACRO __ORWRR
                 	OR   R@0,R@2
                 	OR   R@1,R@3
                 	.ENDM
                 
                 	.MACRO __EORWRR
                 	EOR  R@0,R@2
                 	EOR  R@1,R@3
                 	.ENDM
                 
                 	.MACRO __GETWRS
                 	LDD  R@0,Y+@2
                 	LDD  R@1,Y+@2+1
                 	.ENDM
                 
                 	.MACRO __PUTBSR
                 	STD  Y+@1,R@0
                 	.ENDM
                 
                 	.MACRO __PUTWSR
                 	STD  Y+@2,R@0
                 	STD  Y+@2+1,R@1
                 	.ENDM
                 
                 	.MACRO __MOVEWRR
                 	MOV  R@0,R@2
                 	MOV  R@1,R@3
                 	.ENDM
                 
                 	.MACRO __INWR
                 	IN   R@0,@2
                 	IN   R@1,@2+1
                 	.ENDM
                 
                 	.MACRO __OUTWR
                 	OUT  @2+1,R@1
                 	OUT  @2,R@0
                 	.ENDM
                 
                 	.MACRO __CALL1MN
                 	LDS  R30,@0+(@1)
                 	LDS  R31,@0+(@1)+1
                 	ICALL
                 	.ENDM
                 
                 	.MACRO __CALL1FN
                 	LDI  R30,LOW(2*@0+(@1))
                 	LDI  R31,HIGH(2*@0+(@1))
                 	RCALL __GETW1PF
                 	ICALL
                 	.ENDM
                 
                 	.MACRO __CALL2EN
                 	LDI  R26,LOW(@0+(@1))
                 	LDI  R27,HIGH(@0+(@1))
                 	RCALL __EEPROMRDW
                 	ICALL
                 	.ENDM
                 
                 	.MACRO __GETW1STACK
                 	IN   R26,SPL
                 	IN   R27,SPH
                 	ADIW R26,@0+1
                 	LD   R30,X+
                 	LD   R31,X
                 	.ENDM
                 
                 	.MACRO __GETD1STACK
                 	IN   R26,SPL
                 	IN   R27,SPH
                 	ADIW R26,@0+1
                 	LD   R30,X+
                 	LD   R31,X+
                 	LD   R22,X
                 	.ENDM
                 
                 	.MACRO __NBST
                 	BST  R@0,@1
                 	IN   R30,SREG
                 	LDI  R31,0x40
                 	EOR  R30,R31
                 	OUT  SREG,R30
                 	.ENDM
                 
                 
                 	.MACRO __PUTB1SN
                 	LDD  R26,Y+@0
                 	SUBI R26,-@1
                 	ST   X,R30
                 	.ENDM
                 
                 	.MACRO __PUTW1SN
                 	LDD  R26,Y+@0
                 	SUBI R26,-@1
                 	ST   X+,R30
                 	ST   X,R31
                 	.ENDM
                 
                 	.MACRO __PUTD1SN
                 	LDD  R26,Y+@0
                 	SUBI R26,-@1
                 	RCALL __PUTDP1
                 	.ENDM
                 
                 	.MACRO __PUTB1SNS
                 	LDD  R26,Y+@0
                 	SUBI R26,-@1
                 	ST   X,R30
                 	.ENDM
                 
                 	.MACRO __PUTW1SNS
                 	LDD  R26,Y+@0
                 	SUBI R26,-@1
                 	ST   X+,R30
                 	ST   X,R31
                 	.ENDM
                 
                 	.MACRO __PUTD1SNS
                 	LDD  R26,Y+@0
                 	SUBI R26,-@1
                 	RCALL __PUTDP1
                 	.ENDM
                 
                 	.MACRO __PUTB1RN
                 	MOV  R26,R@0
                 	SUBI R26,-@1
                 	ST   X,R30
                 	.ENDM
                 
                 	.MACRO __PUTW1RN
                 	MOV  R26,R@0
                 	SUBI R26,-@1
                 	ST   X+,R30
                 	ST   X,R31
                 	.ENDM
                 
                 	.MACRO __PUTD1RN
                 	MOV  R26,R@0
                 	SUBI R26,-@1
                 	RCALL __PUTDP1
                 	.ENDM
                 
                 	.MACRO __PUTB1RNS
                 	MOV  R26,R@0
                 	SUBI R26,-@1
                 	ST   X,R30
                 	.ENDM
                 
                 	.MACRO __PUTW1RNS
                 	MOV  R26,R@0
                 	SUBI R26,-@1
                 	ST   X+,R30
                 	ST   X,R31
                 	.ENDM
                 
                 	.MACRO __PUTD1RNS
                 	MOV  R26,R@0
                 	SUBI R26,-@1
                 	RCALL __PUTDP1
                 	.ENDM
                 
                 	.MACRO __PUTB1PMN
                 	LDS  R26,@0
                 	SUBI R26,-@1
                 	ST   X,R30
                 	.ENDM
                 
                 	.MACRO __PUTW1PMN
                 	LDS  R26,@0
                 	SUBI R26,-@1
                 	ST   X+,R30
                 	ST   X,R31
                 	.ENDM
                 
                 	.MACRO __PUTD1PMN
                 	LDS  R26,@0
                 	SUBI R26,-@1
                 	RCALL __PUTDP1
                 	.ENDM
                 
                 	.MACRO __PUTB1PMNS
                 	LDS  R26,@0
                 	SUBI R26,-@1
                 	ST   X,R30
                 	.ENDM
                 
                 	.MACRO __PUTW1PMNS
                 	LDS  R26,@0
                 	SUBI R26,-@1
                 	ST   X+,R30
                 	ST   X,R31
                 	.ENDM
                 
                 	.MACRO __PUTD1PMNS
                 	LDS  R26,@0
                 	SUBI R26,-@1
                 	RCALL __PUTDP1
                 	.ENDM
                 
                 	.MACRO __GETB1SX
                 	MOV  R30,R28
                 	MOV  R31,R29
                 	SUBI R30,LOW(-@0)
                 	SBCI R31,HIGH(-@0)
                 	LD   R30,Z
                 	.ENDM
                 
                 	.MACRO __GETB1HSX
                 	MOV  R30,R28
                 	MOV  R31,R29
                 	SUBI R30,LOW(-@0)
                 	SBCI R31,HIGH(-@0)
                 	LD   R31,Z
                 	.ENDM
                 
                 	.MACRO __GETW1SX
                 	MOV  R30,R28
                 	MOV  R31,R29
                 	SUBI R30,LOW(-@0)
                 	SBCI R31,HIGH(-@0)
                 	LD   R0,Z+
                 	LD   R31,Z
                 	MOV  R30,R0
                 	.ENDM
                 
                 	.MACRO __GETD1SX
                 	MOV  R30,R28
                 	MOV  R31,R29
                 	SUBI R30,LOW(-@0)
                 	SBCI R31,HIGH(-@0)
                 	LD   R0,Z+
                 	LD   R1,Z+
                 	LD   R22,Z+
                 	LD   R23,Z
                 	MOV  R30,R0
                 	MOV  R31,R1
                 	.ENDM
                 
                 	.MACRO __GETB2SX
                 	MOV  R26,R28
                 	MOV  R27,R29
                 	SUBI R26,LOW(-@0)
                 	SBCI R27,HIGH(-@0)
                 	LD   R26,X
                 	.ENDM
                 
                 	.MACRO __GETW2SX
                 	MOV  R26,R28
                 	MOV  R27,R29
                 	SUBI R26,LOW(-@0)
                 	SBCI R27,HIGH(-@0)
                 	LD   R0,X+
                 	LD   R27,X
                 	MOV  R26,R0
                 	.ENDM
                 
                 	.MACRO __GETD2SX
                 	MOV  R26,R28
                 	MOV  R27,R29
                 	SUBI R26,LOW(-@0)
                 	SBCI R27,HIGH(-@0)
                 	LD   R0,X+
                 	LD   R1,X+
                 	LD   R24,X+
                 	LD   R25,X
                 	MOV  R26,R0
                 	MOV  R27,R1
                 	.ENDM
                 
                 	.MACRO __GETBRSX
                 	MOV  R30,R28
                 	MOV  R31,R29
                 	SUBI R30,LOW(-@1)
                 	SBCI R31,HIGH(-@1)
                 	LD   R@0,Z
                 	.ENDM
                 
                 	.MACRO __GETWRSX
                 	MOV  R30,R28
                 	MOV  R31,R29
                 	SUBI R30,LOW(-@2)
                 	SBCI R31,HIGH(-@2)
                 	LD   R@0,Z+
                 	LD   R@1,Z
                 	.ENDM
                 
                 	.MACRO __GETBRSX2
                 	MOV  R26,R28
                 	MOV  R27,R29
                 	SUBI R26,LOW(-@1)
                 	SBCI R27,HIGH(-@1)
                 	LD   R@0,X
                 	.ENDM
                 
                 	.MACRO __GETWRSX2
                 	MOV  R26,R28
                 	MOV  R27,R29
                 	SUBI R26,LOW(-@2)
                 	SBCI R27,HIGH(-@2)
                 	LD   R@0,X+
                 	LD   R@1,X
                 	.ENDM
                 
                 	.MACRO __LSLW8SX
                 	MOV  R30,R28
                 	MOV  R31,R29
                 	SUBI R30,LOW(-@0)
                 	SBCI R31,HIGH(-@0)
                 	LD   R31,Z
                 	CLR  R30
                 	.ENDM
                 
                 	.MACRO __PUTB1SX
                 	MOV  R26,R28
                 	MOV  R27,R29
                 	SUBI R26,LOW(-@0)
                 	SBCI R27,HIGH(-@0)
                 	ST   X,R30
                 	.ENDM
                 
                 	.MACRO __PUTW1SX
                 	MOV  R26,R28
                 	MOV  R27,R29
                 	SUBI R26,LOW(-@0)
                 	SBCI R27,HIGH(-@0)
                 	ST   X+,R30
                 	ST   X,R31
                 	.ENDM
                 
                 	.MACRO __PUTD1SX
                 	MOV  R26,R28
                 	MOV  R27,R29
                 	SUBI R26,LOW(-@0)
                 	SBCI R27,HIGH(-@0)
                 	ST   X+,R30
                 	ST   X+,R31
                 	ST   X+,R22
                 	ST   X,R23
                 	.ENDM
                 
                 	.MACRO __CLRW1SX
                 	MOV  R26,R28
                 	MOV  R27,R29
                 	SUBI R26,LOW(-@0)
                 	SBCI R27,HIGH(-@0)
                 	ST   X+,R30
                 	ST   X,R30
                 	.ENDM
                 
                 	.MACRO __CLRD1SX
                 	MOV  R26,R28
                 	MOV  R27,R29
                 	SUBI R26,LOW(-@0)
                 	SBCI R27,HIGH(-@0)
                 	ST   X+,R30
                 	ST   X+,R30
                 	ST   X+,R30
                 	ST   X,R30
                 	.ENDM
                 
                 	.MACRO __PUTB2SX
                 	MOV  R30,R28
                 	MOV  R31,R29
                 	SUBI R30,LOW(-@0)
                 	SBCI R31,HIGH(-@0)
                 	ST   Z,R26
                 	.ENDM
                 
                 	.MACRO __PUTW2SX
                 	MOV  R30,R28
                 	MOV  R31,R29
                 	SUBI R30,LOW(-@0)
                 	SBCI R31,HIGH(-@0)
                 	ST   Z+,R26
                 	ST   Z,R27
                 	.ENDM
                 
                 	.MACRO __PUTD2SX
                 	MOV  R30,R28
                 	MOV  R31,R29
                 	SUBI R30,LOW(-@0)
                 	SBCI R31,HIGH(-@0)
                 	ST   Z+,R26
                 	ST   Z+,R27
                 	ST   Z+,R24
                 	ST   Z,R25
                 	.ENDM
                 
                 	.MACRO __PUTBSRX
                 	MOV  R30,R28
                 	MOV  R31,R29
                 	SUBI R30,LOW(-@1)
                 	SBCI R31,HIGH(-@1)
                 	ST   Z,R@0
                 	.ENDM
                 
                 	.MACRO __PUTWSRX
                 	MOV  R30,R28
                 	MOV  R31,R29
                 	SUBI R30,LOW(-@2)
                 	SBCI R31,HIGH(-@2)
                 	ST   Z+,R@0
                 	ST   Z,R@1
                 	.ENDM
                 
                 	.MACRO __PUTB1SNX
                 	MOV  R26,R28
                 	MOV  R27,R29
                 	SUBI R26,LOW(-@0)
                 	SBCI R27,HIGH(-@0)
                 	LD   R0,X+
                 	LD   R27,X
                 	MOV  R26,R0
                 	SUBI R26,LOW(-@1)
                 	SBCI R27,HIGH(-@1)
                 	ST   X,R30
                 	.ENDM
                 
                 	.MACRO __PUTW1SNX
                 	MOV  R26,R28
                 	MOV  R27,R29
                 	SUBI R26,LOW(-@0)
                 	SBCI R27,HIGH(-@0)
                 	LD   R0,X+
                 	LD   R27,X
                 	MOV  R26,R0
                 	SUBI R26,LOW(-@1)
                 	SBCI R27,HIGH(-@1)
                 	ST   X+,R30
                 	ST   X,R31
                 	.ENDM
                 
                 	.MACRO __PUTD1SNX
                 	MOV  R26,R28
                 	MOV  R27,R29
                 	SUBI R26,LOW(-@0)
                 	SBCI R27,HIGH(-@0)
                 	LD   R0,X+
                 	LD   R27,X
                 	MOV  R26,R0
                 	SUBI R26,LOW(-@1)
                 	SBCI R27,HIGH(-@1)
                 	ST   X+,R30
                 	ST   X+,R31
                 	ST   X+,R22
                 	ST   X,R23
                 	.ENDM
                 
                 ;NAME DEFINITIONS FOR GLOBAL VARIABLES ALLOCATED TO REGISTERS
                 	.DEF _pwm_counter=R4
                 	.DEF _red_bs=R5
                 	.DEF _green_bs=R6
                 	.DEF _blue_bs=R7
                 	.DEF _time=R8
                 	.DEF _sensorNotTouched=R10
                 	.DEF _STATE=R11
                 
                 	.CSEG
                 	.ORG 0x00
                 
                 ;START OF CODE MARKER
                 __START_OF_CODE:
                 
                 ;INTERRUPT VECTORS
000000 c01a      	RJMP __RESET
000001 cffe      	RJMP 0x00
000002 cffd      	RJMP 0x00
000003 c145      	RJMP _timer0_ovf_isr
000004 cffb      	RJMP 0x00
000005 cffa      	RJMP 0x00
000006 cff9      	RJMP 0x00
000007 cff8      	RJMP 0x00
000008 c16a      	RJMP _wdt_timeout_isr
000009 cff6      	RJMP 0x00
                 
                 _0x5D:
00000a 0000
00000b 0000
00000c 0000
00000d 0000      	.DB  0x0,0x0,0x0,0x0,0x0,0x0,0x0,0x0
                 _0x2000060:
D:\TMP\MagicLed\List\MagicLed.asm(1010): warning: .cseg .db misalignment - padding zero byte
00000e 0001      	.DB  0x1
                 _0x2000000:
00000f 4e2d
000010 4e41
000011 4900
000012 464e      	.DB  0x2D,0x4E,0x41,0x4E,0x0,0x49,0x4E,0x46
D:\TMP\MagicLed\List\MagicLed.asm(1013): warning: .cseg .db misalignment - padding zero byte
000013 0000      	.DB  0x0
                 
                 __GLOBAL_INI_TBL:
000014 0008      	.DW  0x08
000015 0004      	.DW  0x04
000016 0014      	.DW  _0x5D*2
                 
000017 0001      	.DW  0x01
000018 0070      	.DW  __seed_G100
000019 001c      	.DW  _0x2000060*2
                 
                 _0xFFFFFFFF:
00001a 0000      	.DW  0
                 
                 __RESET:
00001b 94f8      	CLI
00001c 27ee      	CLR  R30
00001d bbec      	OUT  EECR,R30
00001e bfe5      	OUT  MCUCR,R30
                 
                 ;DISABLE WATCHDOG
00001f e1f8      	LDI  R31,0x18
000020 b7a4      	IN   R26,MCUSR
000021 7fa7      	CBR  R26,8
000022 bfa4      	OUT  MCUSR,R26
000023 bdf1      	OUT  WDTCR,R31
000024 bde1      	OUT  WDTCR,R30
                 
                 ;CLEAR R2-R14
000025 e08d      	LDI  R24,(14-2)+1
000026 e0a2      	LDI  R26,2
                 __CLEAR_REG:
000027 93ed      	ST   X+,R30
000028 958a      	DEC  R24
000029 f7e9      	BRNE __CLEAR_REG
                 
                 ;CLEAR SRAM
00002a e480      	LDI  R24,__CLEAR_SRAM_SIZE
00002b e6a0      	LDI  R26,__SRAM_START
                 __CLEAR_SRAM:
00002c 93ed      	ST   X+,R30
00002d 958a      	DEC  R24
00002e f7e9      	BRNE __CLEAR_SRAM
                 
                 ;GLOBAL VARIABLES INITIALIZATION
00002f e2e8      	LDI  R30,LOW(__GLOBAL_INI_TBL*2)
000030 e0f0      	LDI  R31,HIGH(__GLOBAL_INI_TBL*2)
                 __GLOBAL_INI_NEXT:
000031 95c8      	LPM
000032 9631      	ADIW R30,1
000033 2d80      	MOV  R24,R0
000034 95c8      	LPM
000035 9631      	ADIW R30,1
000036 2d90      	MOV  R25,R0
000037 9700      	SBIW R24,0
000038 f0b9      	BREQ __GLOBAL_INI_END
000039 95c8      	LPM
00003a 9631      	ADIW R30,1
00003b 2da0      	MOV  R26,R0
00003c 95c8      	LPM
00003d 9631      	ADIW R30,1
00003e 2db0      	MOV  R27,R0
00003f 95c8      	LPM
000040 9631      	ADIW R30,1
000041 2c10      	MOV  R1,R0
000042 95c8      	LPM
000043 9631      	ADIW R30,1
000044 2f6e      	MOV  R22,R30
000045 2f7f      	MOV  R23,R31
000046 2df0      	MOV  R31,R0
000047 2de1      	MOV  R30,R1
                 __GLOBAL_INI_LOOP:
000048 95c8      	LPM
000049 9631      	ADIW R30,1
00004a 920d      	ST   X+,R0
00004b 9701      	SBIW R24,1
00004c f7d9      	BRNE __GLOBAL_INI_LOOP
00004d 2fe6      	MOV  R30,R22
00004e 2ff7      	MOV  R31,R23
00004f cfe1      	RJMP __GLOBAL_INI_NEXT
                 __GLOBAL_INI_END:
                 
                 ;HARDWARE STACK POINTER INITIALIZATION
000050 e9ef      	LDI  R30,LOW(__SRAM_END-__HEAP_SIZE)
000051 bfed      	OUT  SPL,R30
                 
                 ;DATA STACK POINTER INITIALIZATION
000052 e7c0      	LDI  R28,LOW(__SRAM_START+__DSTACK_SIZE)
                 
000053 c000      	RJMP _main
                 
                 	.ESEG
                 	.ORG 0
                 
                 	.DSEG
                 	.ORG 0x70
                 
                 	.CSEG
                 ;#include <tiny13a.h>
                 	#ifndef __SLEEP_DEFINED__
                 	#define __SLEEP_DEFINED__
                 	.EQU __se_bit=0x20
                 	.EQU __sm_mask=0x18
                 	.EQU __sm_adc_noise_red=0x08
                 	.EQU __sm_powerdown=0x10
                 	.SET power_ctrl_reg=mcucr
                 	#endif
                 ;#include <delay.h>
                 ;#include <stdlib.h>
                 ;
                 ;//#define PROTEUS_SIMULATION//из-за ошибок симул€ции Watchdog в протеусе используем чуть разный код.
                 ;//                          //ƒл€ рабочей прошивки закоментировать этот макрос
                 ;
                 ;//PORTS
                 ;
                 ;/*
                 ;#define RED_P 4
                 ;#define GREEN_P 2
                 ;#define BLUE_P 3
                 ;#define SENSOR_OUT_P 1
                 ;#define SENSOR_IN_P 0
                 ;*/
                 ;
                 ;//*
                 ;#define RED_P 0
                 ;#define GREEN_P 1
                 ;#define BLUE_P 2
                 ;#define SENSOR_OUT_P 3
                 ;#define SENSOR_IN_P 4
                 ;//*/
                 ;
                 ;//STATES
                 ;#define SLEEP 0
                 ;#define AWAKED 1
                 ;#define SHINE1 2
                 ;#define SHINE2 3
                 ;#define SHINE3 4
                 ;#define SHINE4 5
                 ;//CONSTS
                 ;
                 ;//√лобальные переменные
                 ;unsigned char pwm_counter=0;//счЄтчик Ў»ћ цикла
                 ;unsigned char red_bs=0;//€ркость красного светодиода (0-255)
                 ;unsigned char green_bs=0;//€ркость зеленого светодиода (0-255)
                 ;unsigned char blue_bs=0;//€ркость синего светодиода (0-255)
                 ;unsigned int time;//подсчЄт времени непрерывного свечени€
                 ;unsigned char sensorNotTouched;//значение не притронутого сенсора, устанавливаетс€ в процессе
                 ;                              //калибровки
                 ;unsigned char STATE=0;//состо€ние программы
                 ;//********* ќбъ€влени€ функций *********
                 ;void common_init();
                 ;//
                 ;void sensorCalibration();
                 ;unsigned char sensorTouched();//провер€ет есть ли прикосновение к сенсору, возвращает 1 если есть,
                 ;                              //0 если нет
                 ;unsigned int sensorValue();//получает значение сенсора
                 ;//
                 ;void changeColor1(unsigned char shine,unsigned char pause);//плавный переход к случайному значению
                 ;                                                           //случайного канала (одного из R,G,B)
                 ;                                                           //или затухание если shine=0
                 ;//**************************************
                 ;void main(void)
                 ; 0000 0039 {
                 
                 	.CSEG
                 _main:
                 ; 0000 003A     unsigned char sleepCount=0;//счЄтчик циклов сп€щего режима
                 ; 0000 003B     unsigned char i;
                 ; 0000 003C 
                 ; 0000 003D     common_init();
                 ;	sleepCount -> R16
                 ;	i -> R17
000054 e000      	LDI  R16,0
000055 d09d      	RCALL _common_init
                 ; 0000 003E 
                 ; 0000 003F     PORTB.RED_P=1;PORTB.GREEN_P=1;PORTB.BLUE_P=1;
000056 9ac0      	SBI  0x18,0
000057 9ac1      	SBI  0x18,1
000058 9ac2      	SBI  0x18,2
                 ; 0000 0040 
                 ; 0000 0041     delay_ms(5000);
000059 e8e8      	LDI  R30,LOW(5000)
00005a e1f3      	LDI  R31,HIGH(5000)
00005b d134      	RCALL SUBOPT_0x0
00005c d150      	RCALL _delay_ms
                 ; 0000 0042 
                 ; 0000 0043     //дл€ отладки - определение значени€ непритронутого сенсора
                 ; 0000 0044     /*if (sensorNotTouched>125)red_bs=100;
                 ; 0000 0045     if (sensorNotTouched>170)blue_bs=100;
                 ; 0000 0046     if (sensorNotTouched>200)green_bs=100;*/
                 ; 0000 0047 
                 ; 0000 0048     //#asm("sei") //прерывание включаютс€ в функции sensorValue
                 ; 0000 0049 
                 ; 0000 004A     while (1){
                 _0x9:
                 ; 0000 004B 
                 ; 0000 004C         if(time>26368||sleepCount==0){//рекалибровка раз в 2,43 минуты сп€щего режима
00005d e0e0      	LDI  R30,LOW(26368)
00005e e6f7      	LDI  R31,HIGH(26368)
00005f 15e8      	CP   R30,R8
000060 05f9      	CPC  R31,R9
000061 f010      	BRLO _0xD
000062 3000      	CPI  R16,0
000063 f419      	BRNE _0xC
                 _0xD:
                 ; 0000 004D                                       //и раз в 3 минуты свечени€
                 ; 0000 004E             time=0;
000064 2488      	CLR  R8
000065 2499      	CLR  R9
                 ; 0000 004F             sensorCalibration();
000066 d054      	RCALL _sensorCalibration
                 ; 0000 0050         }
                 ; 0000 0051 
                 ; 0000 0052         if(sensorTouched()){
                 _0xC:
000067 d063      	RCALL _sensorTouched
000068 30e0      	CPI  R30,0
000069 f409      	BRNE PC+2
00006a c03f      	RJMP _0xF
                 ; 0000 0053 
                 ; 0000 0054              srand(time+sleepCount);
00006b d127      	RCALL SUBOPT_0x1
00006c 0de8      	ADD  R30,R8
00006d 1df9      	ADC  R31,R9
00006e d121      	RCALL SUBOPT_0x0
00006f d104      	RCALL _srand
                 ; 0000 0055 
                 ; 0000 0056              switch(STATE){
000070 2deb      	MOV  R30,R11
000071 d124      	RCALL SUBOPT_0x2
                 ; 0000 0057                 case SLEEP:
000072 9730      	SBIW R30,0
000073 f431      	BRNE _0x13
                 ; 0000 0058                     STATE=AWAKED;
000074 e0e1      	LDI  R30,LOW(1)
000075 2ebe      	MOV  R11,R30
                 ; 0000 0059                     changeColor1(1,12);//медленно разжигаем
000076 93ea      	ST   -Y,R30
000077 e0ec      	LDI  R30,LOW(12)
000078 d11f      	RCALL SUBOPT_0x3
                 ; 0000 005A                     break;
000079 c02f      	RJMP _0x12
                 ; 0000 005B                 case AWAKED:
                 _0x13:
00007a 30e1      	CPI  R30,LOW(0x1)
00007b e0a0      	LDI  R26,HIGH(0x1)
00007c 07fa      	CPC  R31,R26
00007d f421      	BRNE _0x14
                 ; 0000 005C                     //получаем случайное значение от 2 до 4
                 ; 0000 005D                     STATE=(rand()&3)+2;
00007e d0fb      	RCALL _rand
00007f 70e3      	ANDI R30,LOW(0x3)
000080 5fee      	SUBI R30,-LOW(2)
000081 c026      	RJMP _0x5B
                 ; 0000 005E                     break;
                 ; 0000 005F                 case SHINE1:
                 _0x14:
000082 30e2      	CPI  R30,LOW(0x2)
000083 e0a0      	LDI  R26,HIGH(0x2)
000084 07fa      	CPC  R31,R26
000085 f021      	BREQ _0x16
                 ; 0000 0060                 case SHINE2:
000086 30e3      	CPI  R30,LOW(0x3)
000087 e0a0      	LDI  R26,HIGH(0x3)
000088 07fa      	CPC  R31,R26
000089 f451      	BRNE _0x17
                 _0x16:
                 ; 0000 0061                     //эффект свечени€ 1
                 ; 0000 0062                     for(i=0;i<=7;i++)changeColor1(1,3);
00008a e010      	LDI  R17,LOW(0)
                 _0x19:
00008b 3018      	CPI  R17,8
00008c f430      	BRSH _0x1A
00008d e0e1      	LDI  R30,LOW(1)
00008e 93ea      	ST   -Y,R30
00008f e0e3      	LDI  R30,LOW(3)
000090 d107      	RCALL SUBOPT_0x3
000091 5f1f      	SUBI R17,-1
000092 cff8      	RJMP _0x19
                 _0x1A:
                 ; 0000 0063 STATE=1;
000093 c013      	RJMP _0x5C
                 ; 0000 0064                     break;
                 ; 0000 0065                 case SHINE3:
                 _0x17:
000094 30e4      	CPI  R30,LOW(0x4)
000095 e0a0      	LDI  R26,HIGH(0x4)
000096 07fa      	CPC  R31,R26
000097 f021      	BREQ _0x1C
                 ; 0000 0066                 case SHINE4:
000098 30e5      	CPI  R30,LOW(0x5)
000099 e0a0      	LDI  R26,HIGH(0x5)
00009a 07fa      	CPC  R31,R26
00009b f469      	BRNE _0x12
                 _0x1C:
                 ; 0000 0067                     //эффект свечени€ 2
                 ; 0000 0068                     changeColor1(0,5);
00009c e0e0      	LDI  R30,LOW(0)
00009d 93ea      	ST   -Y,R30
00009e e0e5      	LDI  R30,LOW(5)
00009f d0f8      	RCALL SUBOPT_0x3
                 ; 0000 0069                     delay_ms(100);
0000a0 e6e4      	LDI  R30,LOW(100)
0000a1 e0f0      	LDI  R31,HIGH(100)
0000a2 d0f7      	RCALL SUBOPT_0x4
                 ; 0000 006A                     changeColor1(1,5);
0000a3 e0e1      	LDI  R30,LOW(1)
0000a4 93ea      	ST   -Y,R30
0000a5 e0e5      	LDI  R30,LOW(5)
0000a6 d0f1      	RCALL SUBOPT_0x3
                 ; 0000 006B                     STATE=AWAKED;
                 _0x5C:
0000a7 e0e1      	LDI  R30,LOW(1)
                 _0x5B:
0000a8 2ebe      	MOV  R11,R30
                 ; 0000 006C                     break;
                 ; 0000 006D              }
                 _0x12:
                 ; 0000 006E         }
                 ; 0000 006F         else{
0000a9 c00f      	RJMP _0x1E
                 _0xF:
                 ; 0000 0070             if(STATE==SLEEP)sleepCount++;//+0,507 сек сп€щего режима
0000aa 20bb      	TST  R11
0000ab f411      	BRNE _0x1F
0000ac 5f0f      	SUBI R16,-1
                 ; 0000 0071             else{
0000ad c007      	RJMP _0x20
                 _0x1F:
                 ; 0000 0072                 changeColor1(0,15);//медленно гасим
0000ae e0e0      	LDI  R30,LOW(0)
0000af 93ea      	ST   -Y,R30
0000b0 e0ef      	LDI  R30,LOW(15)
0000b1 d0e6      	RCALL SUBOPT_0x3
                 ; 0000 0073                 //sleepCount=0;//специально не сбрасываем счЄтчик, что бы калибровка запускалась при
                 ; 0000 0074                                //частых переходах сон-активность
                 ; 0000 0075                 time=0;
0000b2 2488      	CLR  R8
0000b3 2499      	CLR  R9
                 ; 0000 0076                 STATE=SLEEP;
0000b4 24bb      	CLR  R11
                 ; 0000 0077             }
                 _0x20:
                 ; 0000 0078             #ifndef PROTEUS_SIMULATION
                 ; 0000 0079                 //¬ключаем Watchdog Timer interrupt
                 ; 0000 007A                 WDTCR|=0x40;
0000b5 b5e1      	IN   R30,0x21
0000b6 64e0      	ORI  R30,0x40
0000b7 bde1      	OUT  0x21,R30
                 ; 0000 007B                 //переходим в энергосберегающий режим
                 ; 0000 007C                 #asm("sleep");
0000b8 9588      	sleep
                 ; 0000 007D             #else
                 ; 0000 007E             	delay_ms(500);//в Proteus сп€чку имитируем задержкой
                 ; 0000 007F             #endif
                 ; 0000 0080         }
                 _0x1E:
                 ; 0000 0081     }
0000b9 cfa3      	RJMP _0x9
                 ; 0000 0082 }
                 _0x21:
0000ba cfff      	RJMP _0x21
                 ;void sensorCalibration()
                 ; 0000 0084 {
                 _sensorCalibration:
                 ; 0000 0085     unsigned char max;
                 ; 0000 0086     unsigned char i;
                 ; 0000 0087 
                 ; 0000 0088     sensorNotTouched=0;
0000bb d129      	RCALL __SAVELOCR2
                 ;	max -> R16
                 ;	i -> R17
0000bc 24aa      	CLR  R10
                 ; 0000 0089 
                 ; 0000 008A     for(i=1;i<=10;i++){
0000bd e011      	LDI  R17,LOW(1)
                 _0x23:
0000be 301b      	CPI  R17,11
0000bf f450      	BRSH _0x24
                 ; 0000 008B         max=sensorValue();
0000c0 d025      	RCALL _sensorValue
0000c1 2f0e      	MOV  R16,R30
                 ; 0000 008C         if(max>sensorNotTouched)sensorNotTouched=max;
0000c2 16a0      	CP   R10,R16
0000c3 f408      	BRSH _0x25
0000c4 2ea0      	MOV  R10,R16
                 ; 0000 008D 
                 ; 0000 008E         //дл€ отладки - индикаци€ калибровки
                 ; 0000 008F         //if(red_bs==0)red_bs=100;
                 ; 0000 0090         //else red_bs=0;
                 ; 0000 0091         //delay_ms(50);
                 ; 0000 0092 
                 ; 0000 0093         delay_ms(50);
                 _0x25:
0000c5 e3e2      	LDI  R30,LOW(50)
0000c6 e0f0      	LDI  R31,HIGH(50)
0000c7 d0d2      	RCALL SUBOPT_0x4
                 ; 0000 0094     }
0000c8 5f1f      	SUBI R17,-1
0000c9 cff4      	RJMP _0x23
                 _0x24:
                 ; 0000 0095 }
0000ca c019      	RJMP _0x2080001
                 ;unsigned char sensorTouched()
                 ; 0000 0097 {
                 _sensorTouched:
                 ; 0000 0098     unsigned char t=0;
                 ; 0000 0099     unsigned char i;
                 ; 0000 009A     for(i=1;i<=10;i++){
0000cb d119      	RCALL __SAVELOCR2
                 ;	t -> R16
                 ;	i -> R17
0000cc e000      	LDI  R16,0
0000cd e011      	LDI  R17,LOW(1)
                 _0x27:
0000ce 301b      	CPI  R17,11
0000cf f498      	BRSH _0x28
                 ; 0000 009B         if(sensorValue()>sensorNotTouched+15)t++;
0000d0 d015      	RCALL _sensorValue
0000d1 2fae      	MOV  R26,R30
0000d2 2fbf      	MOV  R27,R31
0000d3 2dea      	MOV  R30,R10
0000d4 d0c1      	RCALL SUBOPT_0x2
0000d5 963f      	ADIW R30,15
0000d6 17ea      	CP   R30,R26
0000d7 07fb      	CPC  R31,R27
0000d8 f410      	BRSH _0x29
0000d9 5f0f      	SUBI R16,-1
                 ; 0000 009C         else if(t>0)t--;
0000da c003      	RJMP _0x2A
                 _0x29:
0000db 3001      	CPI  R16,1
0000dc f008      	BRLO _0x2B
0000dd 5001      	SUBI R16,1
                 ; 0000 009D         delay_ms(10);
                 _0x2B:
                 _0x2A:
0000de e0ea      	LDI  R30,LOW(10)
0000df e0f0      	LDI  R31,HIGH(10)
0000e0 d0b9      	RCALL SUBOPT_0x4
                 ; 0000 009E     }
0000e1 5f1f      	SUBI R17,-1
0000e2 cfeb      	RJMP _0x27
                 _0x28:
                 ; 0000 009F     return t;
0000e3 2fe0      	MOV  R30,R16
                 _0x2080001:
0000e4 d107      	RCALL __LOADLOCR2P
0000e5 9508      	RET
                 ; 0000 00A0 }
                 ;unsigned int sensorValue()
                 ; 0000 00A2 {
                 _sensorValue:
                 ; 0000 00A3     unsigned char sensorValue;
                 ; 0000 00A4 
                 ; 0000 00A5     #asm("cli")
0000e6 930a      	ST   -Y,R16
                 ;	sensorValue -> R16
0000e7 94f8      	cli
                 ; 0000 00A6     PORTB.SENSOR_OUT_P=1;
0000e8 9ac3      	SBI  0x18,3
                 ; 0000 00A7     TCNT0=0;
0000e9 e0e0      	LDI  R30,LOW(0)
0000ea bfe2      	OUT  0x32,R30
                 ; 0000 00A8     while(!PINB.SENSOR_IN_P);
                 _0x2E:
0000eb 9bb4      	SBIS 0x16,4
0000ec cffe      	RJMP _0x2E
                 ; 0000 00A9     sensorValue=TCNT0;
0000ed b702      	IN   R16,50
                 ; 0000 00AA     #asm("sei")
0000ee 9478      	sei
                 ; 0000 00AB     PORTB.SENSOR_OUT_P=0;
0000ef 98c3      	CBI  0x18,3
                 ; 0000 00AC     return sensorValue;
0000f0 d0a2      	RCALL SUBOPT_0x1
0000f1 9109      	LD   R16,Y+
0000f2 9508      	RET
                 ; 0000 00AD }
                 ;//----------------------------------------------------------------------------------------------------
                 ;void common_init()
                 ; 0000 00B0 {
                 _common_init:
                 ; 0000 00B1     #pragma optsize-
                 ; 0000 00B2     //Crystal Oscillator division factor: 1
                 ; 0000 00B3     CLKPR=0x80;
0000f3 e8e0      	LDI  R30,LOW(128)
0000f4 bde6      	OUT  0x26,R30
                 ; 0000 00B4     CLKPR=0x00;
0000f5 e0e0      	LDI  R30,LOW(0)
0000f6 bde6      	OUT  0x26,R30
                 ; 0000 00B5     #ifdef _OPTIMIZE_SIZE_
                 ; 0000 00B6     #pragma optsize+
                 ; 0000 00B7     #endif
                 ; 0000 00B8     //Watchdog Timer initialization
                 ; 0000 00B9     //Watchdog Timer Prescaler: OSC/64k - period .5 sec
                 ; 0000 00BA     //Watchdog mode: interrupt
                 ; 0000 00BB     WDTCR=0b00010101;
0000f7 e1e5      	LDI  R30,LOW(21)
0000f8 bde1      	OUT  0x21,R30
                 ; 0000 00BC     //Enable sleep mode
                 ; 0000 00BD     MCUCR|=0b00110000;
0000f9 b7e5      	IN   R30,0x35
0000fa 63e0      	ORI  R30,LOW(0x30)
0000fb bfe5      	OUT  0x35,R30
                 ; 0000 00BE     //Analog Comparator off in power reduction
                 ; 0000 00BF     ACSR=0x80;
0000fc e8e0      	LDI  R30,LOW(128)
0000fd b9e8      	OUT  0x8,R30
                 ; 0000 00C0     //ADC off in power reduction
                 ; 0000 00C1     PRR=1;
0000fe e0e1      	LDI  R30,LOW(1)
0000ff bde5      	OUT  0x25,R30
                 ; 0000 00C2     //установка режима таймера
                 ; 0000 00C3     //Mode:Normal
                 ; 0000 00C4     //TCCR0A=0;
                 ; 0000 00C5     //division factor: 1
                 ; 0000 00C6     TCCR0B=1;
000100 bfe3      	OUT  0x33,R30
                 ; 0000 00C7     //timer interrupt on overflow
                 ; 0000 00C8     TIMSK0=0b10;
000101 e0e2      	LDI  R30,LOW(2)
000102 bfe9      	OUT  0x39,R30
                 ; 0000 00C9     //Input/Output Ports initialization
                 ; 0000 00CA     DDRB.SENSOR_OUT_P=1;
000103 9abb      	SBI  0x17,3
                 ; 0000 00CB     //DDRB.SENSOR_IN_P=0;//by default
                 ; 0000 00CC     DDRB.RED_P=1;
000104 9ab8      	SBI  0x17,0
                 ; 0000 00CD     DDRB.BLUE_P=1;
000105 9aba      	SBI  0x17,2
                 ; 0000 00CE     DDRB.GREEN_P=1;
000106 9ab9      	SBI  0x17,1
                 ; 0000 00CF }
000107 9508      	RET
                 ;void changeColor1(unsigned char shine,unsigned char pause)
                 ; 0000 00D1 {
                 _changeColor1:
                 ; 0000 00D2     unsigned char to_red=0,to_blue=0,to_green=0;
                 ; 0000 00D3     if(shine){
000108 d0db      	RCALL __SAVELOCR3
                 ;	shine -> Y+4
                 ;	pause -> Y+3
                 ;	to_red -> R16
                 ;	to_blue -> R17
                 ;	to_green -> R18
000109 e000      	LDI  R16,0
00010a e010      	LDI  R17,0
00010b e020      	LDI  R18,0
00010c 81ec      	LDD  R30,Y+4
00010d 30e0      	CPI  R30,0
00010e f0c1      	BREQ _0x3B
                 ; 0000 00D4         //выбираем случайный канал и цвет
                 ; 0000 00D5         loop:
                 _0x3C:
                 ; 0000 00D6         shine=rand()&3;//случайное значение канала
00010f d06a      	RCALL _rand
000110 70e3      	ANDI R30,LOW(0x3)
000111 83ec      	STD  Y+4,R30
                 ; 0000 00D7         switch (shine){
000112 d083      	RCALL SUBOPT_0x2
                 ; 0000 00D8             case 0:
000113 9730      	SBIW R30,0
000114 f419      	BRNE _0x40
                 ; 0000 00D9                 to_red=rand();
000115 d064      	RCALL _rand
000116 2f0e      	MOV  R16,R30
                 ; 0000 00DA                 break;
000117 c00f      	RJMP _0x3F
                 ; 0000 00DB             case 1:
                 _0x40:
000118 30e1      	CPI  R30,LOW(0x1)
000119 e0a0      	LDI  R26,HIGH(0x1)
00011a 07fa      	CPC  R31,R26
00011b f419      	BRNE _0x41
                 ; 0000 00DC                 to_green=rand();
00011c d05d      	RCALL _rand
00011d 2f2e      	MOV  R18,R30
                 ; 0000 00DD                 break;
00011e c008      	RJMP _0x3F
                 ; 0000 00DE             case 2:
                 _0x41:
00011f 30e2      	CPI  R30,LOW(0x2)
000120 e0a0      	LDI  R26,HIGH(0x2)
000121 07fa      	CPC  R31,R26
000122 f419      	BRNE _0x43
                 ; 0000 00DF                 to_blue=rand();
000123 d056      	RCALL _rand
000124 2f1e      	MOV  R17,R30
                 ; 0000 00E0                 break;
000125 c001      	RJMP _0x3F
                 ; 0000 00E1             default:
                 _0x43:
                 ; 0000 00E2                 goto loop;
000126 cfe8      	RJMP _0x3C
                 ; 0000 00E3         }
                 _0x3F:
                 ; 0000 00E4     }
                 ; 0000 00E5     //выполн€ем плавный переход к полученному цвету
                 ; 0000 00E6     while(red_bs!=to_red||green_bs!=to_green||blue_bs!=to_blue){
                 _0x3B:
                 _0x44:
000127 1505      	CP   R16,R5
000128 f421      	BRNE _0x47
000129 1526      	CP   R18,R6
00012a f411      	BRNE _0x47
00012b 1517      	CP   R17,R7
00012c f0c9      	BREQ _0x46
                 _0x47:
                 ; 0000 00E7 
                 ; 0000 00E8         if(to_red!=red_bs)
00012d 1650      	CP   R5,R16
00012e f029      	BREQ _0x49
                 ; 0000 00E9             if(to_red>red_bs)red_bs++;
00012f 1650      	CP   R5,R16
000130 f410      	BRSH _0x4A
000131 9453      	INC  R5
                 ; 0000 00EA             else red_bs--;
000132 c001      	RJMP _0x4B
                 _0x4A:
000133 945a      	DEC  R5
                 ; 0000 00EB         if(to_green!=green_bs)
                 _0x4B:
                 _0x49:
000134 1662      	CP   R6,R18
000135 f029      	BREQ _0x4C
                 ; 0000 00EC             if(to_green>green_bs)green_bs++;
000136 1662      	CP   R6,R18
000137 f410      	BRSH _0x4D
000138 9463      	INC  R6
                 ; 0000 00ED             else green_bs--;
000139 c001      	RJMP _0x4E
                 _0x4D:
00013a 946a      	DEC  R6
                 ; 0000 00EE         if(to_blue!=blue_bs)
                 _0x4E:
                 _0x4C:
00013b 1671      	CP   R7,R17
00013c f029      	BREQ _0x4F
                 ; 0000 00EF             if(to_blue>blue_bs)blue_bs++;
00013d 1671      	CP   R7,R17
00013e f410      	BRSH _0x50
00013f 9473      	INC  R7
                 ; 0000 00F0             else blue_bs--;
000140 c001      	RJMP _0x51
                 _0x50:
000141 947a      	DEC  R7
                 ; 0000 00F1 
                 ; 0000 00F2         delay_ms(pause);
                 _0x51:
                 _0x4F:
000142 81eb      	LDD  R30,Y+3
000143 d052      	RCALL SUBOPT_0x2
000144 d055      	RCALL SUBOPT_0x4
                 ; 0000 00F3     }
000145 cfe1      	RJMP _0x44
                 _0x46:
                 ; 0000 00F4 }
000146 d0a1      	RCALL __LOADLOCR3
000147 9625      	ADIW R28,5
000148 9508      	RET
                 ;
                 ;//ќбработчики прерываний
                 ;// Timer 0 overflow interrupt service routine
                 ;interrupt [TIM0_OVF] void timer0_ovf_isr(void)
                 ; 0000 00F9 {
                 _timer0_ovf_isr:
000149 93aa      	ST   -Y,R26
00014a 93ba      	ST   -Y,R27
00014b 93ea      	ST   -Y,R30
00014c 93fa      	ST   -Y,R31
00014d b7ef      	IN   R30,SREG
00014e 93ea      	ST   -Y,R30
                 ; 0000 00FA     PORTB.RED_P=(pwm_counter>=red_bs<<1);
00014f 2de5      	MOV  R30,R5
000150 d04b      	RCALL SUBOPT_0x5
000151 f411      	BRNE _0x52
000152 98c0      	CBI  0x18,0
000153 c001      	RJMP _0x53
                 _0x52:
000154 9ac0      	SBI  0x18,0
                 _0x53:
                 ; 0000 00FB     PORTB.GREEN_P=(pwm_counter>=green_bs<<1);
000155 2de6      	MOV  R30,R6
000156 d045      	RCALL SUBOPT_0x5
000157 f411      	BRNE _0x54
000158 98c1      	CBI  0x18,1
000159 c001      	RJMP _0x55
                 _0x54:
00015a 9ac1      	SBI  0x18,1
                 _0x55:
                 ; 0000 00FC     PORTB.BLUE_P=(pwm_counter>=blue_bs<<1);
00015b 2de7      	MOV  R30,R7
00015c d03f      	RCALL SUBOPT_0x5
00015d f411      	BRNE _0x56
00015e 98c2      	CBI  0x18,2
00015f c001      	RJMP _0x57
                 _0x56:
000160 9ac2      	SBI  0x18,2
                 _0x57:
                 ; 0000 00FD     pwm_counter++;
000161 9443      	INC  R4
                 ; 0000 00FE     if(STATE!=SLEEP&&pwm_counter==0)time++;//подсчет времени свечени€, + 0,006826667 сек
000162 e0e0      	LDI  R30,LOW(0)
000163 15eb      	CP   R30,R11
000164 f011      	BREQ _0x59
000165 15e4      	CP   R30,R4
000166 f009      	BREQ _0x5A
                 _0x59:
000167 c004      	RJMP _0x58
                 _0x5A:
000168 e0e1      	LDI  R30,LOW(1)
000169 e0f0      	LDI  R31,HIGH(1)
                +
00016a 0e8e     +ADD R8 , R30
00016b 1e9f     +ADC R9 , R31
                 	__ADDWRR 8,9,30,31
                 ; 0000 00FF }
                 _0x58:
00016c 91e9      	LD   R30,Y+
00016d bfef      	OUT  SREG,R30
00016e 91f9      	LD   R31,Y+
00016f 91e9      	LD   R30,Y+
000170 91b9      	LD   R27,Y+
000171 91a9      	LD   R26,Y+
000172 9518      	RETI
                 ;// Watchdog timeout interrupt service routine
                 ;interrupt [WDT] void wdt_timeout_isr(void)
                 ; 0000 0102 {
                 _wdt_timeout_isr:
                 ; 0000 0103     //ничего не делаем, прерывание используетс€ только дл€ выхода из сп€щего режима
                 ; 0000 0104 }
000173 9518      	RETI
                 
                 	.CSEG
                 
                 	.DSEG
                 
                 	.CSEG
                 _srand:
000174 81e8      	LD   R30,Y
000175 81f9      	LDD  R31,Y+1
000176 d042      	RCALL __CWD1
000177 d02c      	RCALL SUBOPT_0x6
000178 9622      	ADIW R28,2
000179 9508      	RET
                 _rand:
00017a 91e0 0070 	LDS  R30,__seed_G100
00017c 91f0 0071 	LDS  R31,__seed_G100+1
00017e 9160 0072 	LDS  R22,__seed_G100+2
000180 9170 0073 	LDS  R23,__seed_G100+3
                +
000182 e6ad     +LDI R26 , LOW ( 0x41C64E6D )
000183 e4be     +LDI R27 , HIGH ( 0x41C64E6D )
000184 ec86     +LDI R24 , BYTE3 ( 0x41C64E6D )
000185 e491     +LDI R25 , BYTE4 ( 0x41C64E6D )
                 	__GETD2N 0x41C64E6D
000186 d03d      	RCALL __MULD12U
                +
000187 59ee     +SUBI R30 , LOW ( - 30562 )
000188 48f8     +SBCI R31 , HIGH ( - 30562 )
000189 4f6f     +SBCI R22 , BYTE3 ( - 30562 )
00018a 4f7f     +SBCI R23 , BYTE4 ( - 30562 )
                 	__ADDD1N 30562
00018b d018      	RCALL SUBOPT_0x6
00018c 2fe6      	mov  r30,r22
00018d 2ff7      	mov  r31,r23
00018e 77ff      	andi r31,0x7F
00018f 9508      	RET
                 
                 	.CSEG
                 
                 	.CSEG
                 
                 	.CSEG
                 
                 	.DSEG
                 __seed_G100:
000070           	.BYTE 0x4
                 
                 	.CSEG
                 ;OPTIMIZER ADDED SUBROUTINE, CALLED 6 TIMES, CODE SIZE REDUCTION:3 WORDS
                 SUBOPT_0x0:
000190 93fa      	ST   -Y,R31
000191 93ea      	ST   -Y,R30
000192 9508      	RET
                 
                 ;OPTIMIZER ADDED SUBROUTINE, CALLED 2 TIMES, CODE SIZE REDUCTION:1 WORDS
                 SUBOPT_0x1:
000193 2fe0      	MOV  R30,R16
000194 e0f0      	LDI  R31,0
000195 9508      	RET
                 
                 ;OPTIMIZER ADDED SUBROUTINE, CALLED 7 TIMES, CODE SIZE REDUCTION:10 WORDS
                 SUBOPT_0x2:
000196 e0f0      	LDI  R31,0
000197 9508      	RET
                 
                 ;OPTIMIZER ADDED SUBROUTINE, CALLED 5 TIMES, CODE SIZE REDUCTION:2 WORDS
                 SUBOPT_0x3:
000198 93ea      	ST   -Y,R30
000199 cf6e      	RJMP _changeColor1
                 
                 ;OPTIMIZER ADDED SUBROUTINE, CALLED 4 TIMES, CODE SIZE REDUCTION:1 WORDS
                 SUBOPT_0x4:
00019a dff5      	RCALL SUBOPT_0x0
00019b c011      	RJMP _delay_ms
                 
                 ;OPTIMIZER ADDED SUBROUTINE, CALLED 3 TIMES, CODE SIZE REDUCTION:14 WORDS
                 SUBOPT_0x5:
00019c dff9      	RCALL SUBOPT_0x2
00019d 0fee      	LSL  R30
00019e 1fff      	ROL  R31
00019f 2da4      	MOV  R26,R4
0001a0 e0b0      	LDI  R27,0
0001a1 d01c      	RCALL __GEW12
0001a2 30e0      	CPI  R30,0
0001a3 9508      	RET
                 
                 ;OPTIMIZER ADDED SUBROUTINE, CALLED 2 TIMES, CODE SIZE REDUCTION:5 WORDS
                 SUBOPT_0x6:
0001a4 93e0 0070 	STS  __seed_G100,R30
0001a6 93f0 0071 	STS  __seed_G100+1,R31
0001a8 9360 0072 	STS  __seed_G100+2,R22
0001aa 9370 0073 	STS  __seed_G100+3,R23
0001ac 9508      	RET
                 
                 
                 	.CSEG
                 _delay_ms:
0001ad 91e9      	ld   r30,y+
0001ae 91f9      	ld   r31,y+
0001af 9630      	adiw r30,0
0001b0 f039      	breq __delay_ms1
                 __delay_ms0:
                +
0001b1 e680     +LDI R24 , LOW ( 0x960 )
0001b2 e099     +LDI R25 , HIGH ( 0x960 )
                +__DELAY_USW_LOOP :
0001b3 9701     +SBIW R24 , 1
0001b4 f7f1     +BRNE __DELAY_USW_LOOP
                 	__DELAY_USW 0x960
0001b5 95a8      	wdr
0001b6 9731      	sbiw r30,1
0001b7 f7c9      	brne __delay_ms0
                 __delay_ms1:
0001b8 9508      	ret
                 
                 __CWD1:
0001b9 2f6f      	MOV  R22,R31
0001ba 0f66      	ADD  R22,R22
0001bb 0b66      	SBC  R22,R22
0001bc 2f76      	MOV  R23,R22
0001bd 9508      	RET
                 
                 __GEW12:
0001be 17ae      	CP   R26,R30
0001bf 07bf      	CPC  R27,R31
0001c0 e0e1      	LDI  R30,1
0001c1 f40c      	BRGE __GEW12T
0001c2 27ee      	CLR  R30
                 __GEW12T:
0001c3 9508      	RET
                 
                 __MULD12U:
0001c4 933f      	PUSH R19
0001c5 934f      	PUSH R20
0001c6 935f      	PUSH R21
0001c7 e251      	LDI  R21,33
0001c8 2e0a      	MOV  R0,R26
0001c9 2e1b      	MOV  R1,R27
0001ca 2f38      	MOV  R19,R24
0001cb 2f49      	MOV  R20,R25
0001cc 27aa      	CLR  R26
0001cd 27bb      	CLR  R27
0001ce 2788      	CLR  R24
0001cf 1b99      	SUB  R25,R25
0001d0 c009      	RJMP __MULD12U1
                 __MULD12U3:
0001d1 f420      	BRCC __MULD12U2
0001d2 0da0      	ADD  R26,R0
0001d3 1db1      	ADC  R27,R1
0001d4 1f83      	ADC  R24,R19
0001d5 1f94      	ADC  R25,R20
                 __MULD12U2:
0001d6 9596      	LSR  R25
0001d7 9587      	ROR  R24
0001d8 95b7      	ROR  R27
0001d9 95a7      	ROR  R26
                 __MULD12U1:
0001da 9577      	ROR  R23
0001db 9567      	ROR  R22
0001dc 95f7      	ROR  R31
0001dd 95e7      	ROR  R30
0001de 955a      	DEC  R21
0001df f789      	BRNE __MULD12U3
0001e0 915f      	POP  R21
0001e1 914f      	POP  R20
0001e2 913f      	POP  R19
0001e3 9508      	RET
                 
                 __SAVELOCR3:
0001e4 932a      	ST   -Y,R18
                 __SAVELOCR2:
0001e5 931a      	ST   -Y,R17
0001e6 930a      	ST   -Y,R16
0001e7 9508      	RET
                 
                 __LOADLOCR3:
0001e8 812a      	LDD  R18,Y+2
                 __LOADLOCR2:
0001e9 8119      	LDD  R17,Y+1
0001ea 8108      	LD   R16,Y
0001eb 9508      	RET
                 
                 __LOADLOCR2P:
0001ec 9109      	LD   R16,Y+
0001ed 9119      	LD   R17,Y+
0001ee 9508      	RET
                 
                 ;END OF CODE MARKER
                 __END_OF_CODE:


RESOURCE USE INFORMATION
------------------------

Notice:
The register and instruction counts are symbol table hit counts,
and hence implicitly used resources are not counted, eg, the
'lpm' instruction without operands implicitly uses r0 and z,
none of which are counted.

x,y,z are separate entities in the symbol table and are
counted separately from r26..r31 here.

.dseg memory usage only counts static data declared with .byte

ATtiny13A register use summary:
r0 :   9 r1 :   4 r2 :   0 r3 :   0 r4 :   3 r5 :   6 r6 :   6 r7 :   6 
r8 :   5 r9 :   5 r10:   4 r11:   6 r12:   0 r13:   0 r14:   0 r15:   0 
r16:  23 r17:  17 r18:   7 r19:   4 r20:   4 r21:   4 r22:  13 r23:   8 
r24:  14 r25:   8 r26:  31 r27:  12 r28:   3 r29:   0 r30: 123 r31:  40 
x  :   3 y  :  35 z  :   0 
Registers used: 27 out of 35 (77.1%)

ATtiny13A instruction use summary:
.lds  :   0 .lds.l:   0 .sts  :   0 .sts.l:   0 adc   :   5 add   :   4 
adiw  :  11 and   :   0 andi  :   3 asr   :   0 bclr  :   0 bld   :   0 
brbc  :   0 brbs  :   0 brcc  :   1 brcs  :   0 break :   0 breq  :  11 
brge  :   1 brhc  :   0 brhs  :   0 brid  :   0 brie  :   0 brlo  :   2 
brlt  :   0 brmi  :   0 brne  :  21 brpl  :   0 brsh  :   8 brtc  :   0 
brts  :   0 brvc  :   0 brvs  :   0 bset  :   0 bst   :   0 cbi   :   4 
cbr   :   1 clc   :   0 clh   :   0 cli   :   2 cln   :   0 clr   :  11 
cls   :   0 clt   :   0 clv   :   0 clz   :   0 com   :   0 cp    :  15 
cpc   :  10 cpi   :  15 cpse  :   0 dec   :   6 des   :   0 eor   :   0 
fmul  :   0 fmuls :   0 fmulsu:   0 icall :   0 ijmp  :   0 in    :   5 
inc   :   4 ld    :  12 ldd   :   5 ldi   :  66 lds   :   4 lpm   :  21 
lsl   :   1 lsr   :   1 mov   :  36 movw  :   0 mul   :   0 muls  :   0 
mulsu :   0 neg   :   0 nop   :   0 or    :   0 ori   :   2 out   :  17 
pop   :   3 push  :   3 rcall :  44 ret   :  18 reti  :   2 rjmp  :  41 
rol   :   1 ror   :   7 sbc   :   1 sbci  :   3 sbi   :  11 sbic  :   0 
sbis  :   1 sbiw  :   6 sbr   :   0 sbrc  :   0 sbrs  :   0 sec   :   0 
seh   :   0 sei   :   1 sen   :   0 ser   :   0 ses   :   0 set   :   0 
sev   :   0 sez   :   0 sleep :   1 spm   :   0 st    :  20 std   :   1 
sts   :   4 sub   :   1 subi  :   8 swap  :   0 tst   :   1 wdr   :   1 

Instructions used: 52 out of 114 (45.6%)

ATtiny13A memory use summary [bytes]:
Segment   Begin    End      Code   Data   Used    Size   Use%
---------------------------------------------------------------
[.cseg] 0x000000 0x0003de    956     34    990    1024  96.7%
[.dseg] 0x000060 0x000074      0      4      4     159   2.5%
[.eseg] 0x000000 0x000000      0      0      0      64   0.0%

Assembly complete, 0 errors, 9 warnings
